
> test:focus
> node scripts/run-tests.mjs --require-files test/workflow-action-pinning.test.mjs test/workflow-compiler-call-contract.test.mjs test/workflow-compiler-hard-contract.test.mjs test/workflow-compiler.test.mjs test/workflow-migration.test.mjs test/workflow-placed-label-evidence.test.mjs test/workflow-route-order.test.mjs test/workflow-routing-clarity.test.mjs test/workflow-semantic-contract.test.mjs test/workflow-shared-trunks.test.mjs test/workflow-straight-reservation.test.mjs test/workflow-vertical-label.test.mjs

Repository tests: 12 files, concurrency 4
✔ remote GitHub Actions and reusable workflows use immutable commit SHAs (3.272791ms)
✔ workflow action pinning scanner ignores local and Docker Actions (0.104917ms)
✔ workflow v1: A/B/A compilation preserves frozen inputs and earlier results (18.226166ms)
✔ workflow v1: failure/success calls retain independent result diagnostics (1.127084ms)
✔ workflow v2: A/B/A compilation preserves frozen inputs and earlier results (10.563416ms)
✔ workflow v2: failure/success calls retain independent result diagnostics (9.2765ms)
✔ readable-v2 auto routing selects a feasible corridor around a same-lane obstacle (14.584167ms)
✔ readable-v2 evaluates automatic endpoint sides against the complete labeled route (7.098709ms)
✔ readable-v2 retries automatic endpoint sides against already planned routes (12.988167ms)
✔ readable-v2 expands an outside corridor for deterministic labeled fan-out (43.082875ms)
✔ readable-v2 expands an outside corridor without moving the lane geometry (51.294167ms)
✔ readable-v2 may expand an unlabeled edge around already placed labels (71.732ms)
✔ readable-v2 feeds a measured outside-channel constraint back into layout (8.547167ms)
✔ readable-v2 feeds a measured adjacent-rank gutter back into layout (1.042833ms)
✔ readable-v2 feeds a measured lane gap back into layout (1.331ms)
✔ readable-v2 rejects duplicate authored via points with a typed explicit-pin diagnostic (1.059417ms)
✔ readable-v2 rejects diagonal authored via geometry with a typed explicit-pin diagnostic (1.764041ms)
✔ readable-v2 duplicate evidence excludes a compatible channel assertion (0.377833ms)
✔ readable-v2 obstacle evidence excludes a compatible channel assertion (0.489917ms)
✔ readable-v2 infers omitted endpoint sides around an authored via (1.746833ms)
✔ readable-v2 reports an infeasible authored target side with its verified single-pin repair (6.963083ms)
✔ readable-v2 reports via and fromSide as a minimal conflict with two verified repairs (1.003792ms)
✔ readable-v2 infers endpoint sides for auto channel pins (0.935042ms)
✔ readable-v2 treats an omitted preset side as a solver choice (1.305084ms)
✔ readable-v2 treats an infeasible route preset as a candidate-family conflict, not a coordinate pin (5.004041ms)
✔ readable-v2 never accepts a same-lane drop through the preset-only fallback (1.636833ms)
✔ readable-v2 preset diagnostics identify the blocked node rather than blaming segment rhythm (1.724833ms)
✔ readable-v2 preset diagnostics measure the segment that actually violates rhythm (0.860333ms)
✔ readable-v2 direct rhythm rejection and acceptance agree at the 28px boundary (1.914458ms)
✔ readable-v2 endpoint rhythm runs before the separate preset-family rejection (3.735667ms)
✔ readable-v2 interior rhythm precedes node clearance and accepts a cleared 16px segment (3.525125ms)
✔ readable-v2 never silently ignores coordinate pins that conflict with a route preset (2.044ms)
✔ readable-v2 preset compatibility reports both authored causal paths and verified repairs (0.512208ms)
✔ readable-v2 rejects a raw via that does not belong to its route preset family (0.435667ms)
✔ readable-v2 preserves a compatible straight via without normalization (0.141042ms)
✔ readable-v2 preserves a compatible drop via without normalization (0.130458ms)
✔ readable-v2 preserves a compatible outside-right via without normalization (0.136167ms)
✔ readable-v2 preserves a compatible return-left via without normalization (0.149709ms)
✔ readable-v2 preserves a compatible bottom-channel via without normalization (0.12175ms)
✔ readable-v2 preserves a compatible up-channel via without normalization (0.118291ms)
✔ readable-v2 keeps a compatible channel pin authoritative inside its route preset (0.159292ms)
✔ readable-v2 keeps channelX authoritative for outside-right (0.150834ms)
✔ readable-v2 keeps channelX authoritative for return-left (0.114917ms)
✔ readable-v2 keeps channelY authoritative for bottom-channel (0.159959ms)
✔ readable-v2 keeps channelY authoritative for up-channel (0.136583ms)
✔ readable-v2 rejects outside-right when its channel belongs to another route family (0.529834ms)
✔ readable-v2 rejects return-left when its channel belongs to another route family (0.759625ms)
✔ readable-v2 rejects bottom-channel when its channel belongs to another route family (1.305167ms)
✔ readable-v2 rejects up-channel when its channel belongs to another route family (1.315542ms)
✔ readable-v2 rejects drop when its channel belongs to another route family (1.065208ms)
✔ readable-v2 treats channels beside via as assertions over the authored path (1.101208ms)
✔ readable-v2 reports via and channelY as a minimal assertion conflict with two verified repairs (0.668583ms)
✔ readable-v2 reports conflicts between absolute label and route pins as typed geometry (24.251667ms)
✔ readable-v2 derives label-route pins from joint verified removals when route plans first (422.855166ms)
✔ readable-v2 derives both causal pins when label plans before the authored route (17.667791ms)
✔ readable-v2 classifies an authored labelAt colliding with an earlier automatic route (432.998958ms)
✔ readable-v2 classifies an automatic label colliding with a later authored route (7.937417ms)
✔ readable-v2 classifies an authored labelAt colliding with an earlier automatic label (582.737792ms)
✔ readable-v2 derives the causal labelAt from joint verified label removals (504.692708ms)
✔ readable-v2 reports conflicts between two absolute label pins without deleting semantics (2.88125ms)
✔ readable-v2 reports showcase crossings between two absolute route pins (3.205208ms)
✔ readable-v2 catches an automatic route crossing exactly at an authored straight-through via (4.747416ms)
✔ readable-v2 catches two pinned routes crossing exactly at their straight-through vias (4.360083ms)
✔ readable-v2 classifies a side-only authored route crossing an automatic route (12.592917ms)
✔ readable-v2 classifies a side-only authored route sharing an automatic corridor (4.852917ms)
✔ readable-v2 routes an automatic edge clear of a preset channel (1.120666ms)
✔ readable-v2 reports unknown edge endpoints with a precise semantic diagnostic (1.842166ms)
✔ unknown endpoint diagnostics retain the authored edge pointer after canonical sorting (4.419791ms)
✔ unknown-endpoint supportedFixes list the complete verified edit set and recompile verbatim (12.479666ms)
✔ unknown node lane diagnostics retain the authored node pointer after canonical sorting (0.314833ms)
✔ duplicate lane id diagnostics name both authored source pointers (0.202375ms)
✔ duplicate node id diagnostics name both authored source pointers (0.189208ms)
✔ showcase rejects nested authored outside-right corridors while standard permits them (2.690083ms)
✔ an explicit standard profile overrides an ambient showcase profile (0.581084ms)
✔ readable-v2 never advertises an unverified blocking-node repair (1.832625ms)
✔ standard profile rejects a 4px endpoint stub as a hard route constraint (3.543917ms)
✔ standard profile rejects a 12px interior turn segment as a hard route constraint (1.633292ms)
✔ readable-v2 reports collapsed channel pins without escaping the compiler boundary (5.787792ms)
✔ parallel anonymous edges remain byte-deterministic when their input order changes (4.749084ms)
✔ compileWorkflow returns a diagnostic result instead of throwing when meta is absent (0.287041ms)
✔ compileWorkflow returns typed failures for non-document public inputs without throwing (0.107208ms)
✔ compileWorkflow enforces the canonical workflow schema at its public boundary (0.218125ms)
✔ compileWorkflow applies the shared cross-collection contracts the renderer enforces (89.801916ms)
✔ readable-v2 rejects a negative absolute label pin without an explicit viewBox (11.9125ms)
✔ readable-v2 rejects an explicit channel that crosses the measured legend (1.361208ms)
✔ readable-v2 explicit-pin diagnostics name the first intersected node and segment (0.606625ms)
✔ fixed-v1 publishes only repairs that survive complete replanning (3.709458ms)
✔ fixed-v1 verifies the exact serialized values in every rounded-width repair (3.585291ms)
✔ fixed-v1 preserves baseline SVG except repaired node text positions (8.24725ms)
✔ fixed-v1 compiler preserves the exact 700x400 compatibility geometry (0.912417ms)
✔ readable-v2 separates approval branches in the checked-in workflow example (46.621375ms)
✔ fixed-v1 keeps valid phase and group spans independent of label measurement (0.33675ms)
✔ issue #250: fixed-v1 keeps rejecting the original vertical stack unchanged (0.282625ms)
✔ workflow lane.height remains outside the public schema (0.27ms)
✔ issue #250: implicit readable-v2 measures a stacked lane independently (0.915125ms)
✔ issue #747: single-column automatic stacks omit unused right-hand ranks without clipping routes (3.278167ms)
✔ issue #747: compact stacks reserve space for a labeled outside-right route (1.324208ms)
✔ route presets remain compiler-owned during independent lane measurement (0.378208ms)
✔ explicit viewBox retains shared-height readable-v2 geometry (0.251584ms)
✔ absolute route pins retain shared-height readable-v2 geometry (0.358375ms)
✔ an automatic readable-v2 vertical stack opts into width-first reader fitting (0.141875ms)
✔ a readable-v2 node without an authored width grows to fit its label (2.078458ms)
✔ automatic widths are recomputed after editing the same workflow object (4.426333ms)
✔ switching an edited document to fixed-v1 does not reuse automatic widths (2.089125ms)
✔ authored canvases and standard workflows preserve bounded sublabel fonts (3.52325ms)
✔ readable-v2 sublabels must fit at the size that stays readable on the final canvas (1.345583ms)
✔ automatic showcase rejects a sublabel floor above the fixed row font budget (3.125667ms)
✔ an automatic readable-v2 canvas too tall for the desktop page reads at page width (4.706083ms)
✔ stack reader fitting stays off for authored canvases, fixed-v1, and workflows without a vertical stack (2.4675ms)
✔ independent lane measurement keeps a negative-offset member clear of its group label (0.268459ms)
✔ structural identity errors remain primary over derivative group containment (0.145125ms)
✔ fixed-v1 reports one causal column-capacity diagnostic for issue #126 (3.815166ms)
✔ fixed-v1 verifies the real coordinate migration before advertising it (1.862167ms)
✔ readable-v2 supports every adjacent rank with and without a semantic label (37.109708ms)
✔ readable-v2 satisfies the complete adjacent-rank acceptance matrix (201.268292ms)
✔ readable-v2 phase and group frames derive from solved ranks without moving the core geometry (31.474083ms)
✔ readable-v2 treats the phase header mask as a routing obstacle (0.745875ms)
✔ readable-v2 never routes through a single-rank group label (7.668208ms)
✔ readable-v2 shifts top-side routes beyond lane header text deterministically (0.805666ms)
✔ an authored historical workflow canvas retains its valid rank plan (35.085833ms)
✔ explicit viewBox width is containment capacity and never stretches its historical readable-v2 geometry (61.107125ms)
✔ capacity-only viewBox failures preserve historical routes, labels, and requirement (15.766958ms)
✔ explicit viewBox capacity names the rank and label constraints that require more width (4.863583ms)
✔ explicit viewBox capacity names the rank and authored node widths that require more width (2.316958ms)
✔ explicit viewBox height capacity names the authored tall node without naming a hidden legend (0.321125ms)
✔ readable-v2 measures asymmetric custom widths and CJK edge labels (5.934ms)
✔ readable-v2 compares long-label gutter growth with a legal automatic channel (5.606041ms)
✔ readable-v2 property matrix satisfies every adjacent rank across supported representative widths (328.301458ms)
✔ readable-v2 expands rank spans for measured phase and group label capacity (1.258ms)
✔ readable-v2 contains a long single-rank group label in its frame and intrinsic canvas (0.431209ms)
✔ readable-v2 group frames contain custom-width member rectangles on every side (0.197958ms)
✔ readable-v2 group frames contain tagged and tall members away from the label rail (0.3075ms)
✔ readable-v2 keeps a first-rank group label mask clear of its lane header mask (0.094375ms)
✔ readable-v2 measures multi-row legends into intrinsic and explicit viewBox capacity (12.927875ms)
✔ a wide node in an unrelated lane does not expand the adjacent-rank gap (3.390792ms)
✔ explicit labelAt participates in readable-v2 viewBox containment (5.028667ms)
✔ sanitized downstream fixtures cover labels, explicit routes, custom widths, and explicit viewBoxes (4.729958ms)
✔ readable-v2 SVG and receipt bytes are deterministic across repeated and reordered input (21.302333ms)
✔ CLI validate workflow --layout-json prints the stable compiler receipt (180.489208ms)
✔ CLI validate workflow --layout-json returns only the causal compiler failure receipt (164.981542ms)
✔ a dense automatic first draft routes between columns without crossings (53.610209ms)
✔ migration geometry helpers construct mapped v2 candidates without mutating the source (1.160625ms)
✔ document migration treats a legacy explicit viewBox as capacity and expands it monotonically (7.999083ms)
✔ CLI atomically commits a capacity-expanded migration and preserves source bytes (287.435375ms)
✔ CLI migration can repair a missing legacy output only in the v2 destination (408.87ms)
✔ CLI migration repairs an invalid legacy output only with an explicit portable replacement (373.261584ms)
✔ CLI migration replacement does not hide malformed non-output schema errors (85.650458ms)
✔ column-capacity diagnostics do not advertise migration across a quality-profile divergence (45.284125ms)
✔ document migration uses the authored profile and returns an independently compilable document (15.4155ms)
✔ document migration defaults an omitted profile to standard (17.027791ms)
✔ CLI migration ignores ambient standard for an authored showcase workflow (136.303792ms)
✔ CLI migration ignores ambient showcase for an authored standard workflow (329.284667ms)
✔ CLI migration makes the blocking new-schema diagnostic primary over pre-existing findings (128.944959ms)
✔ workflow migration remaps absolute x coordinates, expands only the constrained viewBox axis, and reports hashes (281.718375ms)
✔ workflow migration never shrinks an already spacious explicit viewBox (291.612125ms)
✔ workflow migration reports the measured legacy requirement separately from authored capacity (0.667167ms)
✔ workflow migration staging never aliases a destination named like its verification artifact (274.807ms)
✔ workflow migration cleanup failure warns without reversing a successful commit (269.894042ms)
✔ workflow migration cleanup preserves an unexpected claimant in its private staging directory (1379.089375ms)
✔ workflow migration is idempotent when its v2 destination is migrated again (751.175792ms)
✔ fallback planning preserves straight-edge rank constraints when mapping absolute pins (226.893416ms)
✔ workflow migration preserves causal route diagnostics for packaged incident-response.workflow.json (292.082709ms)
✔ workflow migration preserves causal route diagnostics for packaged release-delivery.workflow.json (372.9485ms)
✔ workflow migration rejects the source path as its destination without changing the file (46.093208ms)
✔ workflow migration reports a cyclic-symlink destination as structured JSON (51.809333ms)
✔ workflow migration rejects a dangling destination symlink without touching it (94.6385ms)
✔ workflow migration preserves a destination claimant created before final verification (262.008083ms)
✔ workflow migration preserves candidate and destination claimants introduced in the publish window (1366.624125ms)
✔ workflow migration verifies the final published binding and preserves a last-window target claimant (269.809333ms)
✔ workflow migration preserves an existing destination replaced during candidate mode finalization (233.545042ms)
✔ failed workflow migration emits diagnostics and never writes its destination (108.582458ms)
✔ standard placed-label diagnostics expose the actual label-label conflict (27.459125ms)
✔ showcase placed-label diagnostics expose the actual label-label conflict (9.952875ms)
✔ standard placed-label diagnostics expose the actual route-label conflict (8.213792ms)
✔ showcase placed-label diagnostics expose the actual route-label conflict (10.790625ms)
✔ standard placed-label diagnostics expose the actual label-route conflict (10.154542ms)
✔ showcase placed-label diagnostics expose the actual label-route conflict (6.767333ms)
✔ placed-label acceptance retains the 2px overlap tolerance and 4px route clearance boundary (2.202208ms)
✔ an automatic edge squeezed into a shared corridor is planned first instead of failing the draft (377.618792ms)
✔ route-order feedback is deterministic and leaves the document untouched (184.788125ms)
✔ pinned geometry keeps its own diagnostic: only automatic edges are re-ordered (28.685375ms)
✔ a label that does not fit its preferred stretch moves to a run that clears every node, so the edge does not detour to make room (295.557583ms)
✔ two automatic arrivals on one side of a node keep at least 16px between their ports (21.469208ms)
✔ readable-v2 keeps clear adjacent routes straight without moving nodes or enlarging the canvas (77.129625ms)
✔ readable-v2 separates opposing routes that meet at a shared node (45.446458ms)
✔ readable-v2 routing remains deterministic and preserves every authored relationship (102.56ms)
✔ readable-v2 preserves authored sides, routes, channels, vias, and label positions (231.763416ms)
✔ fixed-v1 stays outside the automatic workflow routing contract (1.8205ms)
✔ readable-v2 keeps emphasis and wide-arrow fan-in marker bounds disjoint (11.488167ms)
✔ public validate and rendered HTML agree on automatic workflow routing (656.992208ms)
✔ semanticChecks rejects an undeclared root instead of accepting an orphan recovery node (3.357459ms)
✔ semanticChecks rejects a missing required edge with its exact endpoints (0.415917ms)
✔ semanticChecks accepts required reachability through intermediate nodes without changing SVG bytes (28.067625ms)
✔ semanticChecks rejects a required path that is not reachable in authored direction (0.180875ms)
✔ semanticChecks rejects an undeclared terminal (0.126542ms)
✔ semanticChecks reports unknown contract node ids before graph analysis (0.102375ms)
✔ shared crossings retain actionable diagnostics in public compilation and layout JSON (220.95275ms)
✔ workflow v2 compiler and final HTML agree on crossings at redundant via points (470.684458ms)
✔ workflow v2 separates long trunks without changing authored return geometry (77.8175ms)
✔ automatic routing respects a fixed return even when its ID sorts last (54.686209ms)
✔ workflow v2 artifact reports a long mixed-style shared endpoint even for explicit paths (70.458917ms)
✔ workflow v2 allows only compatible short terminal merges, including the 24px boundary (661.739666ms)
✔ workflow v2 rejects mismatched roles, widths, nonterminal and opposing short shared segments (192.62875ms)
✔ workflow v2 warns in standard while v1 keeps its authored shared-endpoint contract (92.460583ms)
✔ shared-trunk routing is deterministic under repeated and reordered input (103.200208ms)
✔ workflow v2 detects arrow collisions even without coincident centerlines (46.569958ms)
✔ workflow compiler diagnoses fixed shared trunks without overriding the authored paths (0.978125ms)
✔ workflow v2 checker measures actual strokes, not stale composition point metadata (48.704125ms)
✔ workflow v2 does not exempt proper crossings between explicit paths sharing a node (47.09525ms)
✔ via crossing analysis preserves real touches and the v1 shared-endpoint contract (238.011125ms)
✔ compiler and artifact checks both report independent shared arrowheads (47.387292ms)
✔ composition diagnostics name edges by their authored index (0.648709ms)
✔ a facing but non-straight automatic branch keeps short collision-free routes in both profiles (39.0765ms)
✔ public validation and rendered SVG preserve the mixed fan-out without a large detour (395.640375ms)
✔ an already valid same-style fan-out keeps short routes rather than moving to an outer corridor (8.645583ms)
✔ straight reservation preserves input content and deterministic node geometry (12.372583ms)
✔ explicit canvas, node dimensions, endpoint sides and absolute waypoints stay authoritative (9.340166ms)
✔ endpoint clearance repair does not move the neighbours authored endpoint-side controls (3.018958ms)
✔ authored zero-valued relative label controls retain their source segment anchor (5.600625ms)
✔ workflow v2 downward straight label fits the corridor (standard) (8.513709ms)
✔ workflow v2 downward straight label fits the corridor (showcase) (0.814542ms)
✔ workflow v2 upward straight label fits the corridor (standard) (0.488584ms)
✔ workflow v2 upward straight label fits the corridor (showcase) (0.46ms)
✔ workflow CLI validates and renders the labeled vertical straight route (360.697375ms)
✔ workflow v2 explicit labelAt remains authoritative over offsets and labelSegment (1.418ms)
✔ workflow v2 preserves authored vertical offsets {"labelDy":40} (0.594458ms)
✔ workflow v2 preserves authored vertical offsets {"labelDx":80} (0.38ms)
✔ workflow v2 preserves explicit zero or segment placement {"labelDx":0} (2.808584ms)
✔ workflow v2 preserves explicit zero or segment placement {"labelDy":0} (1.0515ms)
✔ workflow v2 preserves explicit zero or segment placement {"labelDx":0,"labelDy":0} (0.948917ms)
✔ workflow v2 preserves explicit zero or segment placement {"labelSegment":0} (1.714417ms)
✔ workflow v2 horizontal two-point default placement is unchanged (0.322708ms)
✔ workflow v1 upward two-point default placement is unchanged (0.235292ms)
ℹ tests 233
ℹ suites 0
ℹ pass 233
ℹ fail 0
ℹ cancelled 0
ℹ skipped 0
ℹ todo 0
ℹ duration_ms 8568.35775
